../../CM7/../../CM7/Middlewares/ST/touchgfx/framework/include/touchgfx/hal/Types.hpp:78:5:touchgfx::colortype::colortype()	16	static
../../CM7/../../CM7/Middlewares/ST/touchgfx/framework/include/touchgfx/hal/Types.hpp:91:5:touchgfx::colortype::colortype(uint32_t)	16	static
../../CM7/../../CM7/Middlewares/ST/touchgfx/framework/include/touchgfx/Drawable.hpp:233:10:void touchgfx::Drawable::setPosition(int16_t, int16_t, int16_t, int16_t)	24	static
../../CM7/../../CM7/Middlewares/ST/touchgfx/framework/include/touchgfx/Drawable.hpp:283:13:int16_t touchgfx::Drawable::getY() const	16	static
../../CM7/../../CM7/Middlewares/ST/touchgfx/framework/include/touchgfx/Drawable.hpp:315:18:virtual void touchgfx::Drawable::setX(int16_t)	16	static
../../CM7/../../CM7/Middlewares/ST/touchgfx/framework/include/touchgfx/Drawable.hpp:327:18:virtual void touchgfx::Drawable::setY(int16_t)	16	static
../../CM7/../../CM7/Middlewares/ST/touchgfx/framework/include/touchgfx/Drawable.hpp:343:10:void touchgfx::Drawable::setXY(int16_t, int16_t)	16	static
../../CM7/../../CM7/Middlewares/ST/touchgfx/framework/include/touchgfx/Drawable.hpp:356:18:virtual void touchgfx::Drawable::setWidth(int16_t)	16	static
../../CM7/../../CM7/Middlewares/ST/touchgfx/framework/include/touchgfx/Drawable.hpp:413:10:void touchgfx::Drawable::setWidthHeight(int16_t, int16_t)	16	static
../../CM7/../../CM7/Middlewares/ST/touchgfx/framework/include/touchgfx/Drawable.hpp:515:10:void touchgfx::Drawable::setVisible(bool)	16	static
../../CM7/../../CM7/Middlewares/ST/touchgfx/framework/include/touchgfx/Screen.hpp:104:18:virtual void touchgfx::Screen::afterTransition()	16	static
../../CM7/../../CM7/Middlewares/ST/touchgfx/framework/include/touchgfx/Screen.hpp:115:18:virtual void touchgfx::Screen::tearDownScreen()	16	static
../../CM7/../../CM7/Middlewares/ST/touchgfx/framework/include/touchgfx/Screen.hpp:144:18:virtual void touchgfx::Screen::handleTickEvent()	16	static
../../CM7/../../CM7/Middlewares/ST/touchgfx/framework/include/touchgfx/Screen.hpp:154:18:virtual void touchgfx::Screen::handleKeyEvent(uint8_t)	16	static
../../CM7/../../CM7/Middlewares/ST/touchgfx/framework/include/touchgfx/widgets/Box.hpp:62:10:void touchgfx::Box::setColor(touchgfx::colortype)	16	static
../../CM7/../../CM7/Middlewares/ST/touchgfx/framework/include/touchgfx/widgets/BoxWithBorder.hpp:61:10:void touchgfx::BoxWithBorder::setBorderColor(touchgfx::colortype)	16	static
../../CM7/../../CM7/TouchGFX/gui/include/gui/screen1_screen/Screen1View.hpp:15:13:Screen1View::~Screen1View()	16	static
../../CM7/../../CM7/TouchGFX/gui/include/gui/screen1_screen/Screen1View.hpp:15:13:virtual Screen1View::~Screen1View()	16	static
C:/Users/victo/OneDrive/Documents/Programming/TouchGFXRepo/CM7/TouchGFX/gui/src/screen1_screen/Screen1View.cpp:10:1:Screen1View::Screen1View()	16	static
C:/Users/victo/OneDrive/Documents/Programming/TouchGFXRepo/CM7/TouchGFX/gui/src/screen1_screen/Screen1View.cpp:12:6:virtual void Screen1View::setupScreen()	40	static
C:/Users/victo/OneDrive/Documents/Programming/TouchGFXRepo/CM7/TouchGFX/gui/src/screen1_screen/Screen1View.cpp:30:6:virtual void Screen1View::tearDownScreen()	16	static
C:/Users/victo/OneDrive/Documents/Programming/TouchGFXRepo/CM7/TouchGFX/gui/src/screen1_screen/Screen1View.cpp:35:6:void Screen1View::update_CAN_info(CR_CAN_vals*)	32	static
C:/Users/victo/OneDrive/Documents/Programming/TouchGFXRepo/CM7/TouchGFX/gui/src/screen1_screen/Screen1View.cpp:62:6:void Screen1View::open_menu()	40	static
C:/Users/victo/OneDrive/Documents/Programming/TouchGFXRepo/CM7/TouchGFX/gui/src/screen1_screen/Screen1View.cpp:186:6:void Screen1View::close_menu()	16	static
C:/Users/victo/OneDrive/Documents/Programming/TouchGFXRepo/CM7/TouchGFX/gui/src/screen1_screen/Screen1View.cpp:249:6:void Screen1View::cursor_up()	32	static
C:/Users/victo/OneDrive/Documents/Programming/TouchGFXRepo/CM7/TouchGFX/gui/src/screen1_screen/Screen1View.cpp:297:6:void Screen1View::cursor_down()	32	static
C:/Users/victo/OneDrive/Documents/Programming/TouchGFXRepo/CM7/TouchGFX/gui/src/screen1_screen/Screen1View.cpp:349:6:void Screen1View::encoder_click()	40	static
C:/Users/victo/OneDrive/Documents/Programming/TouchGFXRepo/CM7/TouchGFX/gui/src/screen1_screen/Screen1View.cpp:377:6:void Screen1View::update_profile_selector()	24	static
C:/Users/victo/OneDrive/Documents/Programming/TouchGFXRepo/CM7/TouchGFX/gui/src/screen1_screen/Screen1View.cpp:387:6:void Screen1View::refresh_fuel_display(uint8_t)	32	static
C:/Users/victo/OneDrive/Documents/Programming/TouchGFXRepo/CM7/TouchGFX/gui/src/screen1_screen/Screen1View.cpp:403:6:void Screen1View::refresh_profile_status_texts()	128	static
C:/Users/victo/OneDrive/Documents/Programming/TouchGFXRepo/CM7/TouchGFX/gui/src/screen1_screen/Screen1View.cpp:447:6:void Screen1View::apply_colors_to_dashboard(const uint8_t*, uint8_t)	416	static
C:/Users/victo/OneDrive/Documents/Programming/TouchGFXRepo/CM7/TouchGFX/gui/src/screen1_screen/Screen1View.cpp:535:6:void Screen1View::apply_colors_to_customizer(const uint8_t*, uint8_t)	440	static
C:/Users/victo/OneDrive/Documents/Programming/TouchGFXRepo/CM7/TouchGFX/gui/src/screen1_screen/Screen1View.cpp:635:6:void Screen1View::apply_single_box_color_customizer(uint8_t, uint8_t)	424	static
C:/Users/victo/OneDrive/Documents/Programming/TouchGFXRepo/CM7/TouchGFX/gui/src/screen1_screen/Screen1View.cpp:734:6:void Screen1View::update_widget_selector()	40	static
C:/Users/victo/OneDrive/Documents/Programming/TouchGFXRepo/CM7/TouchGFX/gui/src/screen1_screen/Screen1View.cpp:744:6:void Screen1View::open_customizer_for_profile(uint8_t)	56	static
C:/Users/victo/OneDrive/Documents/Programming/TouchGFXRepo/CM7/TouchGFX/gui/src/screen1_screen/Screen1View.cpp:781:6:void Screen1View::save_and_apply_customizer()	32	static
C:/Users/victo/OneDrive/Documents/Programming/TouchGFXRepo/CM7/TouchGFX/gui/src/screen1_screen/Screen1View.cpp:804:6:void Screen1View::reset_customizer_to_defaults()	32	static
