../../CM7/../../CM7/Middlewares/ST/touchgfx/framework/include/touchgfx/Drawable.hpp:283:13:int16_t touchgfx::Drawable::getY() const	16	static
../../CM7/../../CM7/Middlewares/ST/touchgfx/framework/include/touchgfx/Drawable.hpp:327:18:virtual void touchgfx::Drawable::setY(int16_t)	16	static
../../CM7/../../CM7/Middlewares/ST/touchgfx/framework/include/touchgfx/Drawable.hpp:356:18:virtual void touchgfx::Drawable::setWidth(int16_t)	16	static
../../CM7/../../CM7/Middlewares/ST/touchgfx/framework/include/touchgfx/Drawable.hpp:515:10:void touchgfx::Drawable::setVisible(bool)	16	static
../../CM7/../../CM7/Middlewares/ST/touchgfx/framework/include/touchgfx/Drawable.hpp:537:10:bool touchgfx::Drawable::isVisible() const	16	static
../../CM7/../../CM7/Middlewares/ST/touchgfx/framework/include/touchgfx/Screen.hpp:104:18:virtual void touchgfx::Screen::afterTransition()	16	static
../../CM7/../../CM7/Middlewares/ST/touchgfx/framework/include/touchgfx/Screen.hpp:115:18:virtual void touchgfx::Screen::tearDownScreen()	16	static
../../CM7/../../CM7/Middlewares/ST/touchgfx/framework/include/touchgfx/Screen.hpp:144:18:virtual void touchgfx::Screen::handleTickEvent()	16	static
../../CM7/../../CM7/Middlewares/ST/touchgfx/framework/include/touchgfx/Screen.hpp:154:18:virtual void touchgfx::Screen::handleKeyEvent(uint8_t)	16	static
../../CM7/../../CM7/TouchGFX/gui/include/gui/screen1_screen/Screen1View.hpp:13:13:Screen1View::~Screen1View()	16	static
../../CM7/../../CM7/TouchGFX/gui/include/gui/screen1_screen/Screen1View.hpp:13:13:virtual Screen1View::~Screen1View()	16	static
C:/Users/victo/OneDrive/Documents/Programming/TouchGFXRepo/CM7/TouchGFX/gui/src/screen1_screen/Screen1View.cpp:9:1:Screen1View::Screen1View()	16	static
C:/Users/victo/OneDrive/Documents/Programming/TouchGFXRepo/CM7/TouchGFX/gui/src/screen1_screen/Screen1View.cpp:15:6:virtual void Screen1View::setupScreen()	24	static
C:/Users/victo/OneDrive/Documents/Programming/TouchGFXRepo/CM7/TouchGFX/gui/src/screen1_screen/Screen1View.cpp:27:6:virtual void Screen1View::tearDownScreen()	16	static
C:/Users/victo/OneDrive/Documents/Programming/TouchGFXRepo/CM7/TouchGFX/gui/src/screen1_screen/Screen1View.cpp:32:6:void Screen1View::update_CAN_info(CR_CAN_vals*)	16	static
C:/Users/victo/OneDrive/Documents/Programming/TouchGFXRepo/CM7/TouchGFX/gui/src/screen1_screen/Screen1View.cpp:52:6:void Screen1View::open_menu()	24	static
C:/Users/victo/OneDrive/Documents/Programming/TouchGFXRepo/CM7/TouchGFX/gui/src/screen1_screen/Screen1View.cpp:89:6:void Screen1View::close_menu()	16	static
C:/Users/victo/OneDrive/Documents/Programming/TouchGFXRepo/CM7/TouchGFX/gui/src/screen1_screen/Screen1View.cpp:109:6:void Screen1View::cursor_up()	24	static
C:/Users/victo/OneDrive/Documents/Programming/TouchGFXRepo/CM7/TouchGFX/gui/src/screen1_screen/Screen1View.cpp:126:6:void Screen1View::cursor_down()	24	static
C:/Users/victo/OneDrive/Documents/Programming/TouchGFXRepo/CM7/TouchGFX/gui/src/screen1_screen/Screen1View.cpp:143:6:void Screen1View::encoder_click()	16	static
C:/Users/victo/OneDrive/Documents/Programming/TouchGFXRepo/CM7/TouchGFX/gui/src/screen1_screen/Screen1View.cpp:147:6:void Screen1View::refresh_fuel_display(uint8_t)	32	static
