C:/Users/victo/OneDrive/Documents/Programming/TouchGFXRepo/CM7/Core/Src/main.c:131:5:main	7
C:/Users/victo/OneDrive/Documents/Programming/TouchGFXRepo/CM7/Core/Src/main.c:275:6:SystemClock_Config	4
C:/Users/victo/OneDrive/Documents/Programming/TouchGFXRepo/CM7/Core/Src/main.c:343:6:PeriphCommonClock_Config	2
C:/Users/victo/OneDrive/Documents/Programming/TouchGFXRepo/CM7/Core/Src/main.c:366:6:HAL_GPIO_EXTI_Callback	3
C:/Users/victo/OneDrive/Documents/Programming/TouchGFXRepo/CM7/Core/Src/main.c:420:6:HAL_TIM_PeriodElapsedCallback	2
C:/Users/victo/OneDrive/Documents/Programming/TouchGFXRepo/CM7/Core/Src/main.c:438:6:Error_Handler	1
